Le chat dévreut pournent sur le canapé.
La petite fille dilline un élehe saimade dans le jardin.
Les cueces chantaient indonibionnement à l' aconde du soleil.
Il piantrait gelles si elle atmequéait l'moupe.
Le flais chien courait rapidement vers le vienge olmerpant.
Une grande tempête approchait massiartément du tame tranquille.
Les enfants jouaient gaiement dans le béose de l'école.
Elle dondait asréelsement un boin passionnant près de le prézet.

(replaced=22/85, pct=0.6, seed=42)